[elastic]
  return type : elastic
  stress      : [ 3.4228187919e+00,  3.2885906040e+00,  0.0000000000e+00,  3.2885906040e+00]
  eps_p       : [ 1.3552527156e-20,  0.0000000000e+00,  0.0000000000e+00,  0.0000000000e+00]
  D rel. err. : 1.379845e-14

[smooth]
  return type : smooth
  stress      : [-1.1443631373e+02, -4.9256078132e+01,  0.0000000000e+00,  1.3913705295e+01]
  eps_p       : [-1.4407244813e-04,  0.0000000000e+00,  0.0000000000e+00,  2.9385113470e-04]
  D rel. err. : 3.156136e-12

[left_edge]
  return type : left_edge
  stress      : [ 1.1139608992e+02,  1.2463720920e+02,  0.0000000000e+00,  1.2463720920e+02]
  eps_p       : [-4.4625812450e-03,  4.5509553683e-03,  0.0000000000e+00,  4.5509553683e-03]
  D rel. err. : 4.180219e-11

[right_edge]
  return type : right_edge
  stress      : [-2.2594723499e+02, -2.2594723499e+02,  0.0000000000e+00, -4.0759050813e+01]
  eps_p       : [-2.3694225276e-04, -2.3694225276e-04,  0.0000000000e+00,  9.6653802631e-04]
  D rel. err. : 1.040632e-11

[apex]
  return type : apex
  stress      : [ 1.3737387097e+02,  1.3737387097e+02,  0.0000000000e+00,  1.3737387097e+02]
  eps_p       : [-1.3737387097e-04, -1.3737387097e-04,  0.0000000000e+00,  4.8626261290e-03]
  D rel. err. : 0.000000e+00

TEST STATUS: PASS
